// Jest Snapshot v1, https://goo.gl/fbAQLP

exports[`KeyPad component test should match the snapshot 1`] = `ShallowWrapper {}`;
